// Jest Snapshot v1, https://goo.gl/fbAQLP

exports[`Renderer should output text 1`] = `
"Basic test++++++++++++++++++++++++++++++++++++++++
"
`;
