// Jest Snapshot v1, https://goo.gl/fbAQLP

exports[`Columns and rows should work together 1`] = `
"Some text+++++++++++++++++++++++++++++++++++++++++
Column A++++++++Column B++++++++Column C++++++++++
Other text++++++++++++++++++++++++++++++++++++++++
"
`;

exports[`Columns should work nested within other columns 1`] = `
"Column A++++++++Column B++++++++Column C++++++++++
++++++++++++++++++Some++++And+++++++++++++++++++++
+++++++++++++++++other+++heres++++++++++++++++++++
++++++++++++++++++text++++the+++++++++++++++++++++
++++++++++++++++++that+++other++++++++++++++++++++
+++++++++++++++++should++column+++++++++++++++++++
++++++++++++++++probably++++++++++++++++++++++++++
++++++++++++++++++wrap++++++++++++++++++++++++++++
"
`;

exports[`Columns, rows, section styles should all work together 1`] = `
"##################################################
#++++++++++++++++++++Some App++++++++++++++++++++#
#************************------------------------#
#*++++++âœ”ï¸Ž Step 1+++++++*|Some messages for this|#
#*+++++++â—¯ Step 2+++++++*|app+++++++++++++++++++|#
#*+++++++â—¯ Step 3+++++++*------------------------#
#************************++++++++++++++++++++++++#
#+++++++Some stuff for this app is done! ðŸ¤˜+++++++#
#Heres some more informative stuff about your app#
#++++++++++++++++++++browser+++++++++++++++++++++#
#+++++++++++++++++++++â†™â†— â†–â†˜++++++++++++++++++++++#
#------------------------------------------------#
#|++++++++server++++++++||++++++dev-server++++++|#
#|++(initial response)++||+++++(app bundle)+++++|#
#|++++localhost:3000++++||++++localhost:8080++++|#
#------------------------|websocket server (for+|#
#++++++++++++++++++++++++|+++++++++HMR)+++++++++|#
#++++++++++++++++++++++++|++++localhost:8081++++|#
#++++++++++++++++++++++++------------------------#
##################################################
"
`;
