// Jest Snapshot v1, https://goo.gl/fbAQLP

exports[`Rows should render on new lines 1`] = `
"1st row+++++++++++++++++++++++++++++++++++++++++++
2nd row+++++++++++++++++++++++++++++++++++++++++++
3rd row+++++++++++++++++++++++++++++++++++++++++++
"
`;
